exports[`Index should render the Root property component 1`] = `
<html
  lang="en">
  <head>
    <meta
      charSet="utf-8" />
    <meta
      content="ie=edge"
      httpEquiv="x-ua-compatible" />
    <title>
      Test
    </title>
    <meta
      content="This is only a test."
      name="description" />
    <meta
      content="width=device-width, initial-scale=1"
      name="viewport" />
  </head>
  <body>
    <main
      id="main">
      <span>
        <a
          href="https://github.com/mfellner/packpress">
          Hello, world!
        </a>
      </span>
    </main>
  </body>
</html>
`;
